Database path: C:\Users\pramo\Downloads\Brain_Tumor_Classification_Using_Quantum-main\Brain_Tumor_Classification_Using_Quantum-main\backend\app\auth.db
Database URL: sqlite:///C:/Users/pramo/Downloads/Brain_Tumor_Classification_Using_Quantum-main/Brain_Tumor_Classification_Using_Quantum-main/backend/app/auth.db
Warning: Could not import TensorFlow/PennyLane: No module named 'tensorflow'

================================================================================
DIRECT PREDICTION TEST (No Server Required)
================================================================================
python : Traceback (most recent call last):
At line:1 char:1
+ python test_direct.py 2>&1 | Tee-Object -FilePath test_output.txt
+ ~~~~~~~~~~~~~~~~~~~~~~~~~~
    + CategoryInfo          : NotSpecified: (Traceback (most recent call last)::String) [], RemoteE 
   xception
    + FullyQualifiedErrorId : NativeCommandError
 
  File "C:\Users\pramo\Downloads\Brain_Tumor_Classification_Using_Quantum-main\Brain_Tumor_Classific
ation_Using_Quantum-main\backend\test_direct.py", line 44, in <module>
    print(f"\n{'\u2500'*80}")
    ~~~~~^^^^^^^^^^^^^^^
  File "C:\Python314\Lib\encodings\cp1252.py", line 19, in encode
    return codecs.charmap_encode(input,self.errors,encoding_table)[0]
           ~~~~~~~~~~~~~~~~~~~~~^^^^^^^^^^^^^^^^^^^^^^^^^^^^^^^^^^
UnicodeEncodeError: 'charmap' codec can't encode characters in position 2-81: character maps to 
<undefined>
